1.23e+47
1.23e+47
1.23e-43
1.23e+47
1.23e+47
1.23e-43
1.23e+47
1.23e+47
1.23e-43
1.23e+44
1.23e+44
1.23e-46
perl
17.5
ruby
17.5
python2
17.5
python3
17.5
php
17.5
