perl
10
10
20
20
30
30
100
200
300
ruby
10
10
20
20
30
30
100
200
300
python2
10
10
20
20
30
30
100
200
300
python3
10
10
20
20
30
30
100
200
300
php
10
10
20
20
30
30
100
200
300
