12
2
243
abcdef
12
2
243
abcdef
12
2
243
abcdef
12
2
243
abcdef
12
2
243
abcdef
