132
2
243
abcdef
132
2
243
abcdef
132
2
243
abcdef
132
2
243
abcdef
132
2
243
abcdef
