sh
123
abc
def

perl
123
abc
$VAR1 = 'def
';
ruby
123
abc
"def\n"
python2
123
abc
def

python3
123
abc
def

php
123
abc
'def
'