.
..
abc.txt
c5b5ddbfb363357b8b82006237993854f082f736.sh
.
..
abc.txt
c5b5ddbfb363357b8b82006237993854f082f736.sh
def.txt
