Hello
Hello World
Hello   World!
roonda_0ac56896a1a3f1427f602202defd62faaa1cc4c8.txt
