Hello
Hello World
Hello   World!

    Hello Hello


    Hello Hello 2


Hello Hello 3

