[["abc",10],["def",30],["ghi",100]]
[["abc",10],["def",30],["ghi",100]]
print([["abc",10],["def",30],["ghi",100]])
[['abc', 10], ['def', 30], ['ghi', 100]]
[['abc', 10], ['def', 30], ['ghi', 100]]
[["abc",10],["def",30],["ghi",100]]
[['abc', 10], ['def', 30], ['ghi', 100]]
[['abc', 10], ['def', 30], ['ghi', 100]]
(("abc" 10) ("def" 30) ("ghi" 100))
(("abc" 10) ("def" 30) ("ghi" 100))
