roonda_5bc7eebf6a4beb40b85303c1706af1b94f553578.sh
