Hello World!
OK
Hello World!
OK
Hello World!
OK
Hello World!
OK
Hello World!
OK
Hello World!
OK
