sh
abc
abc
perl
abc
abc
ruby
abc
abc
python
abc
abc
python
abc
abc
php
abc
abc
