Hello, world!
Say "Hello, world!"
\
Hello, world!
Say "Hello, world!"
\
Hello, world!
Say "Hello, world!"
\
Hello, world!
Say "Hello, world!"
\
Hello, world!
Say "Hello, world!"
\
Hello, world!
Say "Hello, world!"
\
