Hello
Hello World
Hello   World!

Hello Hello

Hello
Hello
