#!/bin/sh

echo Hello
echo Hello World
echo 'Hello   World!'
Hello
Hello World
Hello   World!
