.
..
abc.txt
roonda_c5b5ddbfb363357b8b82006237993854f082f736.sh
.
..
abc.txt
def.txt
roonda_c5b5ddbfb363357b8b82006237993854f082f736.sh
