roonda_2f5bd76c764b626d0c52cef7bfc5e4c336d449d8.sh
