#!/bin/sh

echo Hey.' ''uh... '"`echo aaa`"' '"$ROONDA_TEST"
Hey. uh... aaa Hello
